Last login: Wed Feb  3 15:09:19 on ttys000

The default interactive shell is now zsh.
To update your account to use zsh, please run `chsh -s /bin/zsh`.
For more details, please visit https://support.apple.com/kb/HT208050.
sharonzidi ~
$ cd go 
sharonzidi go
$ cd src/
sharonzidi src
$ cd github.ccs.neu.edu/
sharonzidi github.ccs.neu.edu
$ ls
cs5004-spr21-sea	sharon_CS5008
sharonzidi github.ccs.neu.edu
$ cd sharon_CS5008/
sharonzidi (master) sharon_CS5008
$ ls
Lab		README.md
sharonzidi (master) sharon_CS5008
$ mkdir NewDir
sharonzidi (master) sharon_CS5008
$ ls
Lab		NewDir		README.md
sharonzidi (master) sharon_CS5008
$ rmdir NewDir/
sharonzidi (master) sharon_CS5008
$ ls
Lab		README.md
sharonzidi (master) sharon_CS5008
$ pwd
/Users/sharonzidi/go/src/github.ccs.neu.edu/sharon_CS5008
sharonzidi (master) sharon_CS5008
$ sort
butterfly
apple
cat


^D                          

apple
butterfly
cat
sharonzidi (master) sharon_CS5008
$ ls
Lab		README.md
sharonzidi (master) sharon_CS5008
$ cd La
-bash: cd: La: No such file or directory
sharonzidi (master) sharon_CS5008
$ cd Lab
sharonzidi (master) Lab
$ ls
Lab1
sharonzidi (master) Lab
$ cd Lab1/
sharonzidi (master) Lab1
$ ls
output.txt	readme.md
sharonzidi (master) Lab1
$ emacs readme.md 
sharonzidi (master) Lab1
$ 